EVA3_6_CURSORES_3
MySQL Shell 8.0.37

Copyright (c) 2016, 2024, Oracle and/or its affiliates.
Oracle is a registered trademark of Oracle Corporation and/or its affiliates.
Other names may be trademarks of their respective owners.

Type '\help' or '\?' for help; '\quit' to exit.
 MySQL  JS > \sql
Switching to SQL mode... Commands end with ;
 MySQL  SQL > \connect --mc root@localhost
Creating a Classic session to 'root@localhost'
Fetching global names for auto-completion... Press ^C to stop.
Your MySQL connection id is 20
Server version: 8.0.37 MySQL Community Server - GPL
No default schema selected; type \use <schema> to set one.
 MySQL  localhost:3306 ssl  SQL > show databases;
+--------------------+
| Database           |
+--------------------+
| empresa            |
| examen_eva2        |
| information_schema |
| mysql              |
| performance_schema |
| practica           |
| sakila             |
| tbd_eva1           |
| tbd_eva2           |
| tbd_eva3           |
| veterinaria_bd     |
| veterinaria_schema |
| world              |
+--------------------+
13 rows in set (0.0009 sec)
 MySQL  localhost:3306 ssl  SQL > use tbd_eva3;\
Default schema set to `tbd_eva3`.
Fetching global names, object names from `tbd_eva3` for auto-completion... Press ^C to stop.
 MySQL  localhost:3306 ssl  tbd_eva3  SQL > create table prueba(
                                         -> id int key not null);
Query OK, 0 rows affected (0.0279 sec)
 MySQL  localhost:3306 ssl  tbd_eva3  SQL > desc prueba;
+-------+------+------+-----+---------+-------+
| Field | Type | Null | Key | Default | Extra |
+-------+------+------+-----+---------+-------+
| id    | int  | NO   | PRI | NULL    |       |
+-------+------+------+-----+---------+-------+
1 row in set (0.0098 sec)
 MySQL  localhost:3306 ssl  tbd_eva3  SQL > call insertar_prueba(1);
+-----------+
| mensaje   |
+-----------+
| insertado |
+-----------+
1 row in set (0.0038 sec)

Query OK, 0 rows affected (0.0038 sec)
 MySQL  localhost:3306 ssl  tbd_eva3  SQL > call insertar_prueba(1);
+------------------------+
| mensaje                |
+------------------------+
| error: clave duplicada |
+------------------------+
1 row in set (0.0017 sec)

Query OK, 0 rows affected (0.0017 sec)
 MySQL  localhost:3306 ssl  tbd_eva3  SQL > use practica;
Default schema set to `practica`.
Fetching global names, object names from `practica` for auto-completion... Press ^C to stop.
 MySQL  localhost:3306 ssl  practica  SQL > desc countries;
+--------------+---------------+------+-----+---------+-------+
| Field        | Type          | Null | Key | Default | Extra |
+--------------+---------------+------+-----+---------+-------+
| COUNTRY_ID   | varchar(2)    | NO   | PRI | NULL    |       |
| COUNTRY_NAME | varchar(40)   | YES  |     | NULL    |       |
| REGION_ID    | decimal(10,0) | YES  | MUL | NULL    |       |
+--------------+---------------+------+-----+---------+-------+
3 rows in set (0.0015 sec)
 MySQL  localhost:3306 ssl  practica  SQL > declare @cont;
ERROR: 1064 (42000): You have an error in your SQL syntax; check the manual that corresponds to your MySQL server version for the right syntax to use near 'declare @cont' at line 1
 MySQL  localhost:3306 ssl  practica  SQL > set @cont;
ERROR: 1064 (42000): You have an error in your SQL syntax; check the manual that corresponds to your MySQL server version for the right syntax to use near '' at line 1
 MySQL  localhost:3306 ssl  practica  SQL > set @cont = 0;
Query OK, 0 rows affected (0.0003 sec)
 MySQL  localhost:3306 ssl  practica  SQL > call contar_paises(@cont);
Query OK, 0 rows affected (0.0103 sec)
 MySQL  localhost:3306 ssl  practica  SQL > select @cont;
+-------+
| @cont |
+-------+
|    30 |
+-------+
1 row in set (0.0003 sec)
 MySQL  localhost:3306 ssl  practica  SQL > select * from countries;
+------------+--------------------------+-----------+
| COUNTRY_ID | COUNTRY_NAME             | REGION_ID |
+------------+--------------------------+-----------+
| AR         | Argentina                |         2 |
| AU         | Australia                |         3 |
| BE         | Belgium                  |         1 |
| BR         | Brazil                   |         2 |
| CA         | Canada                   |         2 |
| CH         | Switzerland              |         1 |
| CN         | China                    |         3 |
| DE         | Germany                  |         1 |
| DK         | Denmark                  |         1 |
| EG         | Egypt                    |         4 |
| FR         | France                   |         1 |
| HK         | HongKong                 |         3 |
| IL         | Israel                   |         4 |
| IN         | India                    |         3 |
| IT         | Italy                    |         1 |
| JP         | Japan                    |         3 |
| KW         | Kuwait                   |         4 |
| mw         | motomamiworld            |         1 |
| MX         | Mexico                   |         2 |
| NG         | Nigeria                  |         4 |
| NL         | Netherlands              |         1 |
| pg         | pangea                   |      NULL |
| SG         | Singapore                |         3 |
| UK         | United Kingdom           |         1 |
| US         | United States of America |         2 |
| xc         | xcx world                |         1 |
| xx         | NULL                     |      NULL |
| ZM         | Zambia                   |         4 |
| ZW         | Zimbabwe                 |         4 |
+------------+--------------------------+-----------+
29 rows in set (0.0005 sec)
 MySQL  localhost:3306 ssl  practica  SQL >