EVA3_7_CURSORES_2
MySQL Shell 8.0.37

Copyright (c) 2016, 2024, Oracle and/or its affiliates.
Oracle is a registered trademark of Oracle Corporation and/or its affiliates.
Other names may be trademarks of their respective owners.

Type '\help' or '\?' for help; '\quit' to exit.
 MySQL  JS > \sql
Switching to SQL mode... Commands end with ;
 MySQL  SQL > \connect --mc root@localhost
Creating a Classic session to 'root@localhost'
Fetching global names for auto-completion... Press ^C to stop.
Your MySQL connection id is 24
Server version: 8.0.37 MySQL Community Server - GPL
No default schema selected; type \use <schema> to set one.
 MySQL  localhost:3306 ssl  SQL > use practica;
Default schema set to `practica`.
Fetching global names, object names from `practica` for auto-completion... Press ^C to stop.
 MySQL  localhost:3306 ssl  practica  SQL > show tables;
+--------------------+
| Tables_in_practica |
+--------------------+
| countries          |
| departments        |
| employees          |
| job_history        |
| jobs               |
| locations          |
| regions            |
+--------------------+
7 rows in set (0.0012 sec)
 MySQL  localhost:3306 ssl  practica  SQL > desc job_history;
+---------------+--------------+------+-----+---------+-------+
| Field         | Type         | Null | Key | Default | Extra |
+---------------+--------------+------+-----+---------+-------+
| EMPLOYEE_ID   | decimal(6,0) | NO   | PRI | NULL    |       |
| START_DATE    | date         | NO   | PRI | NULL    |       |
| END_DATE      | date         | NO   |     | NULL    |       |
| JOB_ID        | varchar(10)  | NO   | MUL | NULL    |       |
| DEPARTMENT_ID | decimal(4,0) | YES  | MUL | NULL    |       |
+---------------+--------------+------+-----+---------+-------+
5 rows in set (0.0012 sec)
 MySQL  localhost:3306 ssl  practica  SQL > select * from job_history;
+-------------+------------+------------+------------+---------------+
| EMPLOYEE_ID | START_DATE | END_DATE   | JOB_ID     | DEPARTMENT_ID |
+-------------+------------+------------+------------+---------------+
|         101 | 1989-09-21 | 1993-10-27 | AC_ACCOUNT |           110 |
|         101 | 1993-10-28 | 1997-03-15 | AC_MGR     |           110 |
|         102 | 1993-01-13 | 1998-07-24 | IT_PROG    |            60 |
|         114 | 1998-03-24 | 1999-12-31 | ST_CLERK   |            50 |
|         122 | 1999-01-01 | 1999-12-31 | ST_CLERK   |            50 |
|         176 | 1998-03-24 | 1998-12-31 | SA_REP     |            80 |
|         176 | 1999-01-01 | 1999-12-31 | SA_MAN     |            80 |
|         200 | 1987-09-17 | 1993-06-17 | AD_ASST    |            90 |
|         200 | 1994-07-01 | 1998-12-31 | AC_ACCOUNT |            90 |
|         201 | 1996-02-17 | 1999-12-19 | MK_REP     |            20 |
+-------------+------------+------------+------------+---------------+
10 rows in set (0.0214 sec)
 MySQL  localhost:3306 ssl  practica  SQL > desc employees;
+----------------+--------------+------+-----+---------+-------+
| Field          | Type         | Null | Key | Default | Extra |
+----------------+--------------+------+-----+---------+-------+
| EMPLOYEE_ID    | decimal(6,0) | NO   | PRI | 0       |       |
| FIRST_NAME     | varchar(20)  | YES  |     | NULL    |       |
| LAST_NAME      | varchar(25)  | NO   | MUL | NULL    |       |
| EMAIL          | varchar(25)  | NO   | UNI | NULL    |       |
| PHONE_NUMBER   | varchar(20)  | YES  |     | NULL    |       |
| HIRE_DATE      | date         | NO   |     | NULL    |       |
| JOB_ID         | varchar(10)  | NO   | MUL | NULL    |       |
| SALARY         | decimal(8,2) | YES  |     | NULL    |       |
| COMMISSION_PCT | decimal(2,2) | YES  |     | NULL    |       |
| MANAGER_ID     | decimal(6,0) | YES  | MUL | NULL    |       |
| DEPARTMENT_ID  | decimal(4,0) | YES  | MUL | NULL    |       |
+----------------+--------------+------+-----+---------+-------+
11 rows in set (0.0015 sec)
 MySQL  localhost:3306 ssl  practica  SQL > select * from employees limit 2;
+-------------+------------+-----------+----------+--------------+------------+---------+----------+----------------+------------+---------------+
| EMPLOYEE_ID | FIRST_NAME | LAST_NAME | EMAIL    | PHONE_NUMBER | HIRE_DATE  | JOB_ID  | SALARY   | COMMISSION_PCT | MANAGER_ID | DEPARTMENT_ID |
+-------------+------------+-----------+----------+--------------+------------+---------+----------+----------------+------------+---------------+
|         100 | Steven     | King      | SKING    | 515.123.4567 | 1987-06-17 | AD_PRES | 24000.00 |           0.00 |          0 |            90 |
|         101 | Neena      | Kochhar   | NKOCHHAR | 515.123.4568 | 1987-06-18 | AD_VP   | 17000.00 |           0.00 |        100 |            90 |
+-------------+------------+-----------+----------+--------------+------------+---------+----------+----------------+------------+---------------+
2 rows in set (0.0093 sec)
 MySQL  localhost:3306 ssl  practica  SQL > select employee_id, hire_date, job_id, department_id from employees limit 50;
+-------------+------------+------------+---------------+
| employee_id | hire_date  | job_id     | department_id |
+-------------+------------+------------+---------------+
|         100 | 1987-06-17 | AD_PRES    |            90 |
|         101 | 1987-06-18 | AD_VP      |            90 |
|         102 | 1987-06-19 | AD_VP      |            90 |
|         103 | 1987-06-20 | IT_PROG    |            60 |
|         104 | 1987-06-21 | IT_PROG    |            60 |
|         105 | 1987-06-22 | IT_PROG    |            60 |
|         106 | 1987-06-23 | IT_PROG    |            60 |
|         107 | 1987-06-24 | IT_PROG    |            60 |
|         108 | 1987-06-25 | FI_MGR     |           100 |
|         109 | 1987-06-26 | FI_ACCOUNT |           100 |
|         110 | 1987-06-27 | FI_ACCOUNT |           100 |
|         111 | 1987-06-28 | FI_ACCOUNT |           100 |
|         112 | 1987-06-29 | FI_ACCOUNT |           100 |
|         113 | 1987-06-30 | FI_ACCOUNT |           100 |
|         114 | 1987-07-01 | PU_MAN     |            30 |
|         115 | 1987-07-02 | PU_CLERK   |            30 |
|         116 | 1987-07-03 | PU_CLERK   |            30 |
|         117 | 1987-07-04 | PU_CLERK   |            30 |
|         118 | 1987-07-05 | PU_CLERK   |            30 |
|         119 | 1987-07-06 | PU_CLERK   |            30 |
|         120 | 1987-07-07 | ST_MAN     |            50 |
|         121 | 1987-07-08 | ST_MAN     |            50 |
|         122 | 1987-07-09 | ST_MAN     |            50 |
|         123 | 1987-07-10 | ST_MAN     |            50 |
|         124 | 1987-07-11 | ST_MAN     |            50 |
|         125 | 1987-07-12 | ST_CLERK   |            50 |
|         126 | 1987-07-13 | ST_CLERK   |            50 |
|         127 | 1987-07-14 | ST_CLERK   |            50 |
|         128 | 1987-07-15 | ST_CLERK   |            50 |
|         129 | 1987-07-16 | ST_CLERK   |            50 |
|         130 | 1987-07-17 | ST_CLERK   |            50 |
|         131 | 1987-07-18 | ST_CLERK   |            50 |
|         132 | 1987-07-19 | ST_CLERK   |            50 |
|         133 | 1987-07-20 | ST_CLERK   |            50 |
|         134 | 1987-07-21 | ST_CLERK   |            50 |
|         135 | 1987-07-22 | ST_CLERK   |            50 |
|         136 | 1987-07-23 | ST_CLERK   |            50 |
|         137 | 1987-07-24 | ST_CLERK   |            50 |
|         138 | 1987-07-25 | ST_CLERK   |            50 |
|         139 | 1987-07-26 | ST_CLERK   |            50 |
|         140 | 1987-07-27 | ST_CLERK   |            50 |
|         141 | 1987-07-28 | ST_CLERK   |            50 |
|         142 | 1987-07-29 | ST_CLERK   |            50 |
|         143 | 1987-07-30 | ST_CLERK   |            50 |
|         144 | 1987-07-31 | ST_CLERK   |            50 |
|         145 | 1987-08-01 | SA_MAN     |            80 |
|         146 | 1987-08-02 | SA_MAN     |            80 |
|         147 | 1987-08-03 | SA_MAN     |            80 |
|         148 | 1987-08-04 | SA_MAN     |            80 |
|         149 | 1987-08-05 | SA_MAN     |            80 |
+-------------+------------+------------+---------------+
50 rows in set (0.0007 sec)
 MySQL  localhost:3306 ssl  practica  SQL > select employee_id, hire_date, job_id, department_id from employees;
+-------------+------------+------------+---------------+
| employee_id | hire_date  | job_id     | department_id |
+-------------+------------+------------+---------------+
|         100 | 1987-06-17 | AD_PRES    |            90 |
|         101 | 1987-06-18 | AD_VP      |            90 |
|         102 | 1987-06-19 | AD_VP      |            90 |
|         103 | 1987-06-20 | IT_PROG    |            60 |
|         104 | 1987-06-21 | IT_PROG    |            60 |
|         105 | 1987-06-22 | IT_PROG    |            60 |
|         106 | 1987-06-23 | IT_PROG    |            60 |
|         107 | 1987-06-24 | IT_PROG    |            60 |
|         108 | 1987-06-25 | FI_MGR     |           100 |
|         109 | 1987-06-26 | FI_ACCOUNT |           100 |
|         110 | 1987-06-27 | FI_ACCOUNT |           100 |
|         111 | 1987-06-28 | FI_ACCOUNT |           100 |
|         112 | 1987-06-29 | FI_ACCOUNT |           100 |
|         113 | 1987-06-30 | FI_ACCOUNT |           100 |
|         114 | 1987-07-01 | PU_MAN     |            30 |
|         115 | 1987-07-02 | PU_CLERK   |            30 |
|         116 | 1987-07-03 | PU_CLERK   |            30 |
|         117 | 1987-07-04 | PU_CLERK   |            30 |
|         118 | 1987-07-05 | PU_CLERK   |            30 |
|         119 | 1987-07-06 | PU_CLERK   |            30 |
|         120 | 1987-07-07 | ST_MAN     |            50 |
|         121 | 1987-07-08 | ST_MAN     |            50 |
|         122 | 1987-07-09 | ST_MAN     |            50 |
|         123 | 1987-07-10 | ST_MAN     |            50 |
|         124 | 1987-07-11 | ST_MAN     |            50 |
|         125 | 1987-07-12 | ST_CLERK   |            50 |
|         126 | 1987-07-13 | ST_CLERK   |            50 |
|         127 | 1987-07-14 | ST_CLERK   |            50 |
|         128 | 1987-07-15 | ST_CLERK   |            50 |
|         129 | 1987-07-16 | ST_CLERK   |            50 |
|         130 | 1987-07-17 | ST_CLERK   |            50 |
|         131 | 1987-07-18 | ST_CLERK   |            50 |
|         132 | 1987-07-19 | ST_CLERK   |            50 |
|         133 | 1987-07-20 | ST_CLERK   |            50 |
|         134 | 1987-07-21 | ST_CLERK   |            50 |
|         135 | 1987-07-22 | ST_CLERK   |            50 |
|         136 | 1987-07-23 | ST_CLERK   |            50 |
|         137 | 1987-07-24 | ST_CLERK   |            50 |
|         138 | 1987-07-25 | ST_CLERK   |            50 |
|         139 | 1987-07-26 | ST_CLERK   |            50 |
|         140 | 1987-07-27 | ST_CLERK   |            50 |
|         141 | 1987-07-28 | ST_CLERK   |            50 |
|         142 | 1987-07-29 | ST_CLERK   |            50 |
|         143 | 1987-07-30 | ST_CLERK   |            50 |
|         144 | 1987-07-31 | ST_CLERK   |            50 |
|         145 | 1987-08-01 | SA_MAN     |            80 |
|         146 | 1987-08-02 | SA_MAN     |            80 |
|         147 | 1987-08-03 | SA_MAN     |            80 |
|         148 | 1987-08-04 | SA_MAN     |            80 |
|         149 | 1987-08-05 | SA_MAN     |            80 |
|         150 | 1987-08-06 | SA_REP     |            80 |
|         151 | 1987-08-07 | SA_REP     |            80 |
|         152 | 1987-08-08 | SA_REP     |            80 |
|         153 | 1987-08-09 | SA_REP     |            80 |
|         154 | 1987-08-10 | SA_REP     |            80 |
|         155 | 1987-08-11 | SA_REP     |            80 |
|         156 | 1987-08-12 | SA_REP     |            80 |
|         157 | 1987-08-13 | SA_REP     |            80 |
|         158 | 1987-08-14 | SA_REP     |            80 |
|         159 | 1987-08-15 | SA_REP     |            80 |
|         160 | 1987-08-16 | SA_REP     |            80 |
|         161 | 1987-08-17 | SA_REP     |            80 |
|         162 | 1987-08-18 | SA_REP     |            80 |
|         163 | 1987-08-19 | SA_REP     |            80 |
|         164 | 1987-08-20 | SA_REP     |            80 |
|         165 | 1987-08-21 | SA_REP     |            80 |
|         166 | 1987-08-22 | SA_REP     |            80 |
|         167 | 1987-08-23 | SA_REP     |            80 |
|         168 | 1987-08-24 | SA_REP     |            80 |
|         169 | 1987-08-25 | SA_REP     |            80 |
|         170 | 1987-08-26 | SA_REP     |            80 |
|         171 | 1987-08-27 | SA_REP     |            80 |
|         172 | 1987-08-28 | SA_REP     |            80 |
|         173 | 1987-08-29 | SA_REP     |            80 |
|         174 | 1987-08-30 | SA_REP     |            80 |
|         175 | 1987-08-31 | SA_REP     |            80 |
|         176 | 1987-09-01 | SA_REP     |            80 |
|         177 | 1987-09-02 | SA_REP     |            80 |
|         178 | 1987-09-03 | SA_REP     |             0 |
|         179 | 1987-09-04 | SA_REP     |            80 |
|         180 | 1987-09-05 | SH_CLERK   |            50 |
|         181 | 1987-09-06 | SH_CLERK   |            50 |
|         182 | 1987-09-07 | SH_CLERK   |            50 |
|         183 | 1987-09-08 | SH_CLERK   |            50 |
|         184 | 1987-09-09 | SH_CLERK   |            50 |
|         185 | 1987-09-10 | SH_CLERK   |            50 |
|         186 | 1987-09-11 | SH_CLERK   |            50 |
|         187 | 1987-09-12 | SH_CLERK   |            50 |
|         188 | 1987-09-13 | SH_CLERK   |            50 |
|         189 | 1987-09-14 | SH_CLERK   |            50 |
|         190 | 1987-09-15 | SH_CLERK   |            50 |
|         191 | 1987-09-16 | SH_CLERK   |            50 |
|         192 | 1987-09-17 | SH_CLERK   |            50 |
|         193 | 1987-09-18 | SH_CLERK   |            50 |
|         194 | 1987-09-19 | SH_CLERK   |            50 |
|         195 | 1987-09-20 | SH_CLERK   |            50 |
|         196 | 1987-09-21 | SH_CLERK   |            50 |
|         197 | 1987-09-22 | SH_CLERK   |            50 |
|         198 | 1987-09-23 | SH_CLERK   |            50 |
|         199 | 1987-09-24 | SH_CLERK   |            50 |
|         200 | 1987-09-25 | AD_ASST    |            10 |
|         201 | 1987-09-26 | MK_MAN     |            20 |
|         202 | 1987-09-27 | MK_REP     |            20 |
|         203 | 1987-09-28 | HR_REP     |            40 |
|         204 | 1987-09-29 | PR_REP     |            70 |
|         205 | 1987-09-30 | AC_MGR     |           110 |
|         206 | 1987-10-01 | AC_ACCOUNT |           110 |
+-------------+------------+------------+---------------+
107 rows in set (0.0005 sec)
 MySQL  localhost:3306 ssl  practica  SQL > desc employees;
+----------------+--------------+------+-----+---------+-------+
| Field          | Type         | Null | Key | Default | Extra |
+----------------+--------------+------+-----+---------+-------+
| EMPLOYEE_ID    | decimal(6,0) | NO   | PRI | 0       |       |
| FIRST_NAME     | varchar(20)  | YES  |     | NULL    |       |
| LAST_NAME      | varchar(25)  | NO   | MUL | NULL    |       |
| EMAIL          | varchar(25)  | NO   | UNI | NULL    |       |
| PHONE_NUMBER   | varchar(20)  | YES  |     | NULL    |       |
| HIRE_DATE      | date         | NO   |     | NULL    |       |
| JOB_ID         | varchar(10)  | NO   | MUL | NULL    |       |
| SALARY         | decimal(8,2) | YES  |     | NULL    |       |
| COMMISSION_PCT | decimal(2,2) | YES  |     | NULL    |       |
| MANAGER_ID     | decimal(6,0) | YES  | MUL | NULL    |       |
| DEPARTMENT_ID  | decimal(4,0) | YES  | MUL | NULL    |       |
+----------------+--------------+------+-----+---------+-------+
11 rows in set (0.0013 sec)
 MySQL  localhost:3306 ssl  practica  SQL > desc job_history;
+---------------+--------------+------+-----+---------+-------+
| Field         | Type         | Null | Key | Default | Extra |
+---------------+--------------+------+-----+---------+-------+
| EMPLOYEE_ID   | decimal(6,0) | NO   | PRI | NULL    |       |
| START_DATE    | date         | NO   | PRI | NULL    |       |
| END_DATE      | date         | NO   |     | NULL    |       |
| JOB_ID        | varchar(10)  | NO   | MUL | NULL    |       |
| DEPARTMENT_ID | decimal(4,0) | YES  | MUL | NULL    |       |
+---------------+--------------+------+-----+---------+-------+
5 rows in set (0.0013 sec)
 MySQL  localhost:3306 ssl  practica  SQL > show create job_history;
ERROR: 1064 (42000): You have an error in your SQL syntax; check the manual that corresponds to your MySQL server version for the right syntax to use near 'job_history' at line 1
 MySQL  localhost:3306 ssl  practica  SQL > show create table job_history;
+-------------+------------------------------------------------------------------------------------------------------------------------------------------------------------------------------------------------------------------------------------------------------------------------------------------------------------------------------------------------------------------------------------------------------------------------------------------------------+
| Table       | Create Table

                                                                                                                                             |
+-------------+------------------------------------------------------------------------------------------------------------------------------------------------------------------------------------------------------------------------------------------------------------------------------------------------------------------------------------------------------------------------------------------------------------------------------------------------------+
| job_history | CREATE TABLE `job_history` (
  `EMPLOYEE_ID` decimal(6,0) NOT NULL,
  `START_DATE` date NOT NULL,
  `END_DATE` date NOT NULL,
  `JOB_ID` varchar(10) NOT NULL,
  `DEPARTMENT_ID` decimal(4,0) DEFAULT NULL,
  PRIMARY KEY (`EMPLOYEE_ID`,`START_DATE`),
  KEY `JHIST_DEPARTMENT_IX` (`DEPARTMENT_ID`),
  KEY `JHIST_EMPLOYEE_IX` (`EMPLOYEE_ID`),
  KEY `JHIST_JOB_IX` (`JOB_ID`)
) ENGINE=InnoDB DEFAULT CHARSET=utf8mb4 COLLATE=utf8mb4_0900_ai_ci |
+-------------+------------------------------------------------------------------------------------------------------------------------------------------------------------------------------------------------------------------------------------------------------------------------------------------------------------------------------------------------------------------------------------------------------------------------------------------------------+
1 row in set (0.0095 sec)
 MySQL  localhost:3306 ssl  practica  SQL > call doomsday();
Query OK, 0 rows affected (0.1426 sec)
 MySQL  localhost:3306 ssl  practica  SQL > select * from job_history;
+-------------+------------+------------+------------+---------------+
| EMPLOYEE_ID | START_DATE | END_DATE   | JOB_ID     | DEPARTMENT_ID |
+-------------+------------+------------+------------+---------------+
|         100 | 1987-06-17 | 2024-11-14 | AD_PRES    |            90 |
|         101 | 1987-06-18 | 2024-11-14 | AD_VP      |            90 |
|         101 | 1989-09-21 | 1993-10-27 | AC_ACCOUNT |           110 |
|         101 | 1993-10-28 | 1997-03-15 | AC_MGR     |           110 |
|         102 | 1987-06-19 | 2024-11-14 | AD_VP      |            90 |
|         102 | 1993-01-13 | 1998-07-24 | IT_PROG    |            60 |
|         103 | 1987-06-20 | 2024-11-14 | IT_PROG    |            60 |
|         104 | 1987-06-21 | 2024-11-14 | IT_PROG    |            60 |
|         105 | 1987-06-22 | 2024-11-14 | IT_PROG    |            60 |
|         106 | 1987-06-23 | 2024-11-14 | IT_PROG    |            60 |
|         107 | 1987-06-24 | 2024-11-14 | IT_PROG    |            60 |
|         108 | 1987-06-25 | 2024-11-14 | FI_MGR     |           100 |
|         109 | 1987-06-26 | 2024-11-14 | FI_ACCOUNT |           100 |
|         110 | 1987-06-27 | 2024-11-14 | FI_ACCOUNT |           100 |
|         111 | 1987-06-28 | 2024-11-14 | FI_ACCOUNT |           100 |
|         112 | 1987-06-29 | 2024-11-14 | FI_ACCOUNT |           100 |
|         113 | 1987-06-30 | 2024-11-14 | FI_ACCOUNT |           100 |
|         114 | 1987-07-01 | 2024-11-14 | PU_MAN     |            30 |
|         114 | 1998-03-24 | 1999-12-31 | ST_CLERK   |            50 |
|         115 | 1987-07-02 | 2024-11-14 | PU_CLERK   |            30 |
|         116 | 1987-07-03 | 2024-11-14 | PU_CLERK   |            30 |
|         117 | 1987-07-04 | 2024-11-14 | PU_CLERK   |            30 |
|         118 | 1987-07-05 | 2024-11-14 | PU_CLERK   |            30 |
|         119 | 1987-07-06 | 2024-11-14 | PU_CLERK   |            30 |
|         120 | 1987-07-07 | 2024-11-14 | ST_MAN     |            50 |
|         121 | 1987-07-08 | 2024-11-14 | ST_MAN     |            50 |
|         122 | 1987-07-09 | 2024-11-14 | ST_MAN     |            50 |
|         122 | 1999-01-01 | 1999-12-31 | ST_CLERK   |            50 |
|         123 | 1987-07-10 | 2024-11-14 | ST_MAN     |            50 |
|         124 | 1987-07-11 | 2024-11-14 | ST_MAN     |            50 |
|         125 | 1987-07-12 | 2024-11-14 | ST_CLERK   |            50 |
|         126 | 1987-07-13 | 2024-11-14 | ST_CLERK   |            50 |
|         127 | 1987-07-14 | 2024-11-14 | ST_CLERK   |            50 |
|         128 | 1987-07-15 | 2024-11-14 | ST_CLERK   |            50 |
|         129 | 1987-07-16 | 2024-11-14 | ST_CLERK   |            50 |
|         130 | 1987-07-17 | 2024-11-14 | ST_CLERK   |            50 |
|         131 | 1987-07-18 | 2024-11-14 | ST_CLERK   |            50 |
|         132 | 1987-07-19 | 2024-11-14 | ST_CLERK   |            50 |
|         133 | 1987-07-20 | 2024-11-14 | ST_CLERK   |            50 |
|         134 | 1987-07-21 | 2024-11-14 | ST_CLERK   |            50 |
|         135 | 1987-07-22 | 2024-11-14 | ST_CLERK   |            50 |
|         136 | 1987-07-23 | 2024-11-14 | ST_CLERK   |            50 |
|         137 | 1987-07-24 | 2024-11-14 | ST_CLERK   |            50 |
|         138 | 1987-07-25 | 2024-11-14 | ST_CLERK   |            50 |
|         139 | 1987-07-26 | 2024-11-14 | ST_CLERK   |            50 |
|         140 | 1987-07-27 | 2024-11-14 | ST_CLERK   |            50 |
|         141 | 1987-07-28 | 2024-11-14 | ST_CLERK   |            50 |
|         142 | 1987-07-29 | 2024-11-14 | ST_CLERK   |            50 |
|         143 | 1987-07-30 | 2024-11-14 | ST_CLERK   |            50 |
|         144 | 1987-07-31 | 2024-11-14 | ST_CLERK   |            50 |
|         145 | 1987-08-01 | 2024-11-14 | SA_MAN     |            80 |
|         146 | 1987-08-02 | 2024-11-14 | SA_MAN     |            80 |
|         147 | 1987-08-03 | 2024-11-14 | SA_MAN     |            80 |
|         148 | 1987-08-04 | 2024-11-14 | SA_MAN     |            80 |
|         149 | 1987-08-05 | 2024-11-14 | SA_MAN     |            80 |
|         150 | 1987-08-06 | 2024-11-14 | SA_REP     |            80 |
|         151 | 1987-08-07 | 2024-11-14 | SA_REP     |            80 |
|         152 | 1987-08-08 | 2024-11-14 | SA_REP     |            80 |
|         153 | 1987-08-09 | 2024-11-14 | SA_REP     |            80 |
|         154 | 1987-08-10 | 2024-11-14 | SA_REP     |            80 |
|         155 | 1987-08-11 | 2024-11-14 | SA_REP     |            80 |
|         156 | 1987-08-12 | 2024-11-14 | SA_REP     |            80 |
|         157 | 1987-08-13 | 2024-11-14 | SA_REP     |            80 |
|         158 | 1987-08-14 | 2024-11-14 | SA_REP     |            80 |
|         159 | 1987-08-15 | 2024-11-14 | SA_REP     |            80 |
|         160 | 1987-08-16 | 2024-11-14 | SA_REP     |            80 |
|         161 | 1987-08-17 | 2024-11-14 | SA_REP     |            80 |
|         162 | 1987-08-18 | 2024-11-14 | SA_REP     |            80 |
|         163 | 1987-08-19 | 2024-11-14 | SA_REP     |            80 |
|         164 | 1987-08-20 | 2024-11-14 | SA_REP     |            80 |
|         165 | 1987-08-21 | 2024-11-14 | SA_REP     |            80 |
|         166 | 1987-08-22 | 2024-11-14 | SA_REP     |            80 |
|         167 | 1987-08-23 | 2024-11-14 | SA_REP     |            80 |
|         168 | 1987-08-24 | 2024-11-14 | SA_REP     |            80 |
|         169 | 1987-08-25 | 2024-11-14 | SA_REP     |            80 |
|         170 | 1987-08-26 | 2024-11-14 | SA_REP     |            80 |
|         171 | 1987-08-27 | 2024-11-14 | SA_REP     |            80 |
|         172 | 1987-08-28 | 2024-11-14 | SA_REP     |            80 |
|         173 | 1987-08-29 | 2024-11-14 | SA_REP     |            80 |
|         174 | 1987-08-30 | 2024-11-14 | SA_REP     |            80 |
|         175 | 1987-08-31 | 2024-11-14 | SA_REP     |            80 |
|         176 | 1987-09-01 | 2024-11-14 | SA_REP     |            80 |
|         176 | 1998-03-24 | 1998-12-31 | SA_REP     |            80 |
|         176 | 1999-01-01 | 1999-12-31 | SA_MAN     |            80 |
|         177 | 1987-09-02 | 2024-11-14 | SA_REP     |            80 |
|         178 | 1987-09-03 | 2024-11-14 | SA_REP     |             0 |
|         179 | 1987-09-04 | 2024-11-14 | SA_REP     |            80 |
|         180 | 1987-09-05 | 2024-11-14 | SH_CLERK   |            50 |
|         181 | 1987-09-06 | 2024-11-14 | SH_CLERK   |            50 |
|         182 | 1987-09-07 | 2024-11-14 | SH_CLERK   |            50 |
|         183 | 1987-09-08 | 2024-11-14 | SH_CLERK   |            50 |
|         184 | 1987-09-09 | 2024-11-14 | SH_CLERK   |            50 |
|         185 | 1987-09-10 | 2024-11-14 | SH_CLERK   |            50 |
|         186 | 1987-09-11 | 2024-11-14 | SH_CLERK   |            50 |
|         187 | 1987-09-12 | 2024-11-14 | SH_CLERK   |            50 |
|         188 | 1987-09-13 | 2024-11-14 | SH_CLERK   |            50 |
|         189 | 1987-09-14 | 2024-11-14 | SH_CLERK   |            50 |
|         190 | 1987-09-15 | 2024-11-14 | SH_CLERK   |            50 |
|         191 | 1987-09-16 | 2024-11-14 | SH_CLERK   |            50 |
|         192 | 1987-09-17 | 2024-11-14 | SH_CLERK   |            50 |
|         193 | 1987-09-18 | 2024-11-14 | SH_CLERK   |            50 |
|         194 | 1987-09-19 | 2024-11-14 | SH_CLERK   |            50 |
|         195 | 1987-09-20 | 2024-11-14 | SH_CLERK   |            50 |
|         196 | 1987-09-21 | 2024-11-14 | SH_CLERK   |            50 |
|         197 | 1987-09-22 | 2024-11-14 | SH_CLERK   |            50 |
|         198 | 1987-09-23 | 2024-11-14 | SH_CLERK   |            50 |
|         199 | 1987-09-24 | 2024-11-14 | SH_CLERK   |            50 |
|         200 | 1987-09-17 | 1993-06-17 | AD_ASST    |            90 |
|         200 | 1987-09-25 | 2024-11-14 | AD_ASST    |            10 |
|         200 | 1994-07-01 | 1998-12-31 | AC_ACCOUNT |            90 |
|         201 | 1987-09-26 | 2024-11-14 | MK_MAN     |            20 |
|         201 | 1996-02-17 | 1999-12-19 | MK_REP     |            20 |
|         202 | 1987-09-27 | 2024-11-14 | MK_REP     |            20 |
|         203 | 1987-09-28 | 2024-11-14 | HR_REP     |            40 |
|         204 | 1987-09-29 | 2024-11-14 | PR_REP     |            70 |
|         205 | 1987-09-30 | 2024-11-14 | AC_MGR     |           110 |
|         206 | 1987-10-01 | 2024-11-14 | AC_ACCOUNT |           110 |
+-------------+------------+------------+------------+---------------+
117 rows in set (0.0006 sec)
 MySQL  localhost:3306 ssl  practica  SQL > select * from job_history order by end_date desc;
+-------------+------------+------------+------------+---------------+
| EMPLOYEE_ID | START_DATE | END_DATE   | JOB_ID     | DEPARTMENT_ID |
+-------------+------------+------------+------------+---------------+
|         100 | 1987-06-17 | 2024-11-14 | AD_PRES    |            90 |
|         101 | 1987-06-18 | 2024-11-14 | AD_VP      |            90 |
|         102 | 1987-06-19 | 2024-11-14 | AD_VP      |            90 |
|         103 | 1987-06-20 | 2024-11-14 | IT_PROG    |            60 |
|         104 | 1987-06-21 | 2024-11-14 | IT_PROG    |            60 |
|         105 | 1987-06-22 | 2024-11-14 | IT_PROG    |            60 |
|         106 | 1987-06-23 | 2024-11-14 | IT_PROG    |            60 |
|         107 | 1987-06-24 | 2024-11-14 | IT_PROG    |            60 |
|         108 | 1987-06-25 | 2024-11-14 | FI_MGR     |           100 |
|         109 | 1987-06-26 | 2024-11-14 | FI_ACCOUNT |           100 |
|         110 | 1987-06-27 | 2024-11-14 | FI_ACCOUNT |           100 |
|         111 | 1987-06-28 | 2024-11-14 | FI_ACCOUNT |           100 |
|         112 | 1987-06-29 | 2024-11-14 | FI_ACCOUNT |           100 |
|         113 | 1987-06-30 | 2024-11-14 | FI_ACCOUNT |           100 |
|         114 | 1987-07-01 | 2024-11-14 | PU_MAN     |            30 |
|         115 | 1987-07-02 | 2024-11-14 | PU_CLERK   |            30 |
|         116 | 1987-07-03 | 2024-11-14 | PU_CLERK   |            30 |
|         117 | 1987-07-04 | 2024-11-14 | PU_CLERK   |            30 |
|         118 | 1987-07-05 | 2024-11-14 | PU_CLERK   |            30 |
|         119 | 1987-07-06 | 2024-11-14 | PU_CLERK   |            30 |
|         120 | 1987-07-07 | 2024-11-14 | ST_MAN     |            50 |
|         121 | 1987-07-08 | 2024-11-14 | ST_MAN     |            50 |
|         122 | 1987-07-09 | 2024-11-14 | ST_MAN     |            50 |
|         123 | 1987-07-10 | 2024-11-14 | ST_MAN     |            50 |
|         124 | 1987-07-11 | 2024-11-14 | ST_MAN     |            50 |
|         125 | 1987-07-12 | 2024-11-14 | ST_CLERK   |            50 |
|         126 | 1987-07-13 | 2024-11-14 | ST_CLERK   |            50 |
|         127 | 1987-07-14 | 2024-11-14 | ST_CLERK   |            50 |
|         128 | 1987-07-15 | 2024-11-14 | ST_CLERK   |            50 |
|         129 | 1987-07-16 | 2024-11-14 | ST_CLERK   |            50 |
|         130 | 1987-07-17 | 2024-11-14 | ST_CLERK   |            50 |
|         131 | 1987-07-18 | 2024-11-14 | ST_CLERK   |            50 |
|         132 | 1987-07-19 | 2024-11-14 | ST_CLERK   |            50 |
|         133 | 1987-07-20 | 2024-11-14 | ST_CLERK   |            50 |
|         134 | 1987-07-21 | 2024-11-14 | ST_CLERK   |            50 |
|         135 | 1987-07-22 | 2024-11-14 | ST_CLERK   |            50 |
|         136 | 1987-07-23 | 2024-11-14 | ST_CLERK   |            50 |
|         137 | 1987-07-24 | 2024-11-14 | ST_CLERK   |            50 |
|         138 | 1987-07-25 | 2024-11-14 | ST_CLERK   |            50 |
|         139 | 1987-07-26 | 2024-11-14 | ST_CLERK   |            50 |
|         140 | 1987-07-27 | 2024-11-14 | ST_CLERK   |            50 |
|         141 | 1987-07-28 | 2024-11-14 | ST_CLERK   |            50 |
|         142 | 1987-07-29 | 2024-11-14 | ST_CLERK   |            50 |
|         143 | 1987-07-30 | 2024-11-14 | ST_CLERK   |            50 |
|         144 | 1987-07-31 | 2024-11-14 | ST_CLERK   |            50 |
|         145 | 1987-08-01 | 2024-11-14 | SA_MAN     |            80 |
|         146 | 1987-08-02 | 2024-11-14 | SA_MAN     |            80 |
|         147 | 1987-08-03 | 2024-11-14 | SA_MAN     |            80 |
|         148 | 1987-08-04 | 2024-11-14 | SA_MAN     |            80 |
|         149 | 1987-08-05 | 2024-11-14 | SA_MAN     |            80 |
|         150 | 1987-08-06 | 2024-11-14 | SA_REP     |            80 |
|         151 | 1987-08-07 | 2024-11-14 | SA_REP     |            80 |
|         152 | 1987-08-08 | 2024-11-14 | SA_REP     |            80 |
|         153 | 1987-08-09 | 2024-11-14 | SA_REP     |            80 |
|         154 | 1987-08-10 | 2024-11-14 | SA_REP     |            80 |
|         155 | 1987-08-11 | 2024-11-14 | SA_REP     |            80 |
|         156 | 1987-08-12 | 2024-11-14 | SA_REP     |            80 |
|         157 | 1987-08-13 | 2024-11-14 | SA_REP     |            80 |
|         158 | 1987-08-14 | 2024-11-14 | SA_REP     |            80 |
|         159 | 1987-08-15 | 2024-11-14 | SA_REP     |            80 |
|         160 | 1987-08-16 | 2024-11-14 | SA_REP     |            80 |
|         161 | 1987-08-17 | 2024-11-14 | SA_REP     |            80 |
|         162 | 1987-08-18 | 2024-11-14 | SA_REP     |            80 |
|         163 | 1987-08-19 | 2024-11-14 | SA_REP     |            80 |
|         164 | 1987-08-20 | 2024-11-14 | SA_REP     |            80 |
|         165 | 1987-08-21 | 2024-11-14 | SA_REP     |            80 |
|         166 | 1987-08-22 | 2024-11-14 | SA_REP     |            80 |
|         167 | 1987-08-23 | 2024-11-14 | SA_REP     |            80 |
|         168 | 1987-08-24 | 2024-11-14 | SA_REP     |            80 |
|         169 | 1987-08-25 | 2024-11-14 | SA_REP     |            80 |
|         170 | 1987-08-26 | 2024-11-14 | SA_REP     |            80 |
|         171 | 1987-08-27 | 2024-11-14 | SA_REP     |            80 |
|         172 | 1987-08-28 | 2024-11-14 | SA_REP     |            80 |
|         173 | 1987-08-29 | 2024-11-14 | SA_REP     |            80 |
|         174 | 1987-08-30 | 2024-11-14 | SA_REP     |            80 |
|         175 | 1987-08-31 | 2024-11-14 | SA_REP     |            80 |
|         176 | 1987-09-01 | 2024-11-14 | SA_REP     |            80 |
|         177 | 1987-09-02 | 2024-11-14 | SA_REP     |            80 |
|         178 | 1987-09-03 | 2024-11-14 | SA_REP     |             0 |
|         179 | 1987-09-04 | 2024-11-14 | SA_REP     |            80 |
|         180 | 1987-09-05 | 2024-11-14 | SH_CLERK   |            50 |
|         181 | 1987-09-06 | 2024-11-14 | SH_CLERK   |            50 |
|         182 | 1987-09-07 | 2024-11-14 | SH_CLERK   |            50 |
|         183 | 1987-09-08 | 2024-11-14 | SH_CLERK   |            50 |
|         184 | 1987-09-09 | 2024-11-14 | SH_CLERK   |            50 |
|         185 | 1987-09-10 | 2024-11-14 | SH_CLERK   |            50 |
|         186 | 1987-09-11 | 2024-11-14 | SH_CLERK   |            50 |
|         187 | 1987-09-12 | 2024-11-14 | SH_CLERK   |            50 |
|         188 | 1987-09-13 | 2024-11-14 | SH_CLERK   |            50 |
|         189 | 1987-09-14 | 2024-11-14 | SH_CLERK   |            50 |
|         190 | 1987-09-15 | 2024-11-14 | SH_CLERK   |            50 |
|         191 | 1987-09-16 | 2024-11-14 | SH_CLERK   |            50 |
|         192 | 1987-09-17 | 2024-11-14 | SH_CLERK   |            50 |
|         193 | 1987-09-18 | 2024-11-14 | SH_CLERK   |            50 |
|         194 | 1987-09-19 | 2024-11-14 | SH_CLERK   |            50 |
|         195 | 1987-09-20 | 2024-11-14 | SH_CLERK   |            50 |
|         196 | 1987-09-21 | 2024-11-14 | SH_CLERK   |            50 |
|         197 | 1987-09-22 | 2024-11-14 | SH_CLERK   |            50 |
|         198 | 1987-09-23 | 2024-11-14 | SH_CLERK   |            50 |
|         199 | 1987-09-24 | 2024-11-14 | SH_CLERK   |            50 |
|         200 | 1987-09-25 | 2024-11-14 | AD_ASST    |            10 |
|         201 | 1987-09-26 | 2024-11-14 | MK_MAN     |            20 |
|         202 | 1987-09-27 | 2024-11-14 | MK_REP     |            20 |
|         203 | 1987-09-28 | 2024-11-14 | HR_REP     |            40 |
|         204 | 1987-09-29 | 2024-11-14 | PR_REP     |            70 |
|         205 | 1987-09-30 | 2024-11-14 | AC_MGR     |           110 |
|         206 | 1987-10-01 | 2024-11-14 | AC_ACCOUNT |           110 |
|         114 | 1998-03-24 | 1999-12-31 | ST_CLERK   |            50 |
|         122 | 1999-01-01 | 1999-12-31 | ST_CLERK   |            50 |
|         176 | 1999-01-01 | 1999-12-31 | SA_MAN     |            80 |
|         201 | 1996-02-17 | 1999-12-19 | MK_REP     |            20 |
|         176 | 1998-03-24 | 1998-12-31 | SA_REP     |            80 |
|         200 | 1994-07-01 | 1998-12-31 | AC_ACCOUNT |            90 |
|         102 | 1993-01-13 | 1998-07-24 | IT_PROG    |            60 |
|         101 | 1993-10-28 | 1997-03-15 | AC_MGR     |           110 |
|         101 | 1989-09-21 | 1993-10-27 | AC_ACCOUNT |           110 |
|         200 | 1987-09-17 | 1993-06-17 | AD_ASST    |            90 |
+-------------+------------+------------+------------+---------------+
117 rows in set (0.0006 sec)
 MySQL  localhost:3306 ssl  practica  SQL > use tbd_eva3;
Default schema set to `tbd_eva3`.
Fetching global names, object names from `tbd_eva3` for auto-completion... Press ^C to stop.
 MySQL  localhost:3306 ssl  tbd_eva3  SQL > create table persona(
                                         -> id int auto_increment key,
                                         -> nombre varchar(50) not null,
                                         -> apat varchar(50) not null,
                                         -> amat varchar(50),
                                         -> fecha_nac date not null,
                                         -> clave_rfc varchar(15));
Query OK, 0 rows affected (0.0243 sec)
 MySQL  localhost:3306 ssl  tbd_eva3  SQL >